// Vitest Snapshot v1, https://vitest.dev/guide/snapshot.html

exports[`services tests > sort > should sort transactions by amount in ascending order 1`] = `
[
  {
    "account": "Apple Inc",
    "amount": "1500",
    "currency": "usd",
    "date": 1637751477490,
    "industry": "Technology",
    "state": "CA",
    "transaction_type": "withdraw",
  },
  {
    "account": "Tesla Inc",
    "amount": "2000",
    "currency": "eur",
    "date": 1637751477490,
    "industry": "Automotive",
    "state": "CA",
    "transaction_type": "deposit",
  },
  {
    "account": "Microsoft",
    "amount": "2500",
    "currency": "usd",
    "date": 1609459200000,
    "industry": "Technology",
    "state": "WA",
    "transaction_type": "withdraw",
  },
  {
    "account": "Google",
    "amount": "3000",
    "currency": "usd",
    "date": 1609459200000,
    "industry": "Technology",
    "state": "CA",
    "transaction_type": "deposit",
  },
]
`;
